// Jest Snapshot v1, https://goo.gl/fbAQLP

exports[`Signup matches 1`] = `
<div
  className="min-h-screen flex items-center justify-center"
>
  <div
    className="grid grid-cols-2 :grid-cols-1 md:grid-cols-2 lg:grid-cols-2 gap-4"
  >
    <div
      className="w-full xl:w-3/4 lg:w-11/12 h-full flex"
    >
      <figure
        className=" bg-white"
      >
        <div
          className="w-full max-w-md  rounded-lg  border-primaryBorder shadow-default py-10 px-1"
        >
          <blockquote
            className="text-2xl font-medium text-center"
          />
          <img
            alt="Logo"
            className="w-[109px] h-[95px] m-[-25px]"
            src="logoc.png"
          />
          <div
            className="text-primary m-6"
          >
            <div
              className="flex items-center mt-3 "
            >
              <h1
                className="text-left text-6xl font-bold text-primary mx-[40px] mt-16 mb-0"
              >
                Sign Up
              </h1>
            </div>
            <form
              action="#"
              className="flex flex-col p-5 mt-5 space-y-4 text-black bg-white rounded-lg lg:p-10 lg:space-y-6"
              onReset={[Function]}
              onSubmit={[Function]}
            >
              <div
                className="relative"
              >
                <label
                  aria-label="Email"
                  className="hidden"
                  htmlFor="email"
                >
                  Email
                </label>
                <input
                  className="w-full h-[48px] p-4 font-semibold placeholder-gray-500 border rounded-lg outline-none lg:px-8 focus:ring-accent-blue focus:ring-1"
                  id="email"
                  name="email"
                  onBlur={[Function]}
                  onChange={[Function]}
                  placeholder="Email"
                  style={null}
                  type="text"
                  value=""
                />
                <svg
                  className="absolute w-10 text-primary-red right-8 top-2.5"
                  fill="currentColor"
                  style={
                    Object {
                      "display": "none",
                    }
                  }
                  viewBox="0 0 20 20"
                  xmlns="http://www.w3.org/2000/svg"
                >
                  <path
                    clipRule="evenodd"
                    d="M18 10a8 8 0 11-16 0 8 8 0 0116 0zm-7 4a1 1 0 11-2 0 1 1 0 012 0zm-1-9a1 1 0 00-1 1v4a1 1 0 102 0V6a1 1 0 00-1-1z"
                    fillRule="evenodd"
                  />
                </svg>
              </div>
              <div
                className="relative"
              >
                <label
                  aria-label="Password"
                  className="hidden"
                  htmlFor="password"
                >
                  Password
                </label>
                <input
                  className="w-full h-[48px]  p-4 font-semibold placeholder-gray-500 border rounded-lg outline-none lg:px-8 focus:ring-accent-blue focus:ring-1"
                  id="password"
                  name="password"
                  onBlur={[Function]}
                  onChange={[Function]}
                  placeholder="Password"
                  style={null}
                  type="password"
                  value=""
                />
                <svg
                  className="absolute w-10 text-primary-red right-8 top-2.5"
                  fill="currentColor"
                  style={
                    Object {
                      "display": "none",
                    }
                  }
                  viewBox="0 0 20 20"
                  xmlns="http://www.w3.org/2000/svg"
                >
                  <path
                    clipRule="evenodd"
                    d="M18 10a8 8 0 11-16 0 8 8 0 0116 0zm-7 4a1 1 0 11-2 0 1 1 0 012 0zm-1-9a1 1 0 00-1 1v4a1 1 0 102 0V6a1 1 0 00-1-1z"
                    fillRule="evenodd"
                  />
                </svg>
              </div>
              <div
                className="relative"
              >
                <label
                  aria-label="Password"
                  className="hidden"
                  htmlFor="password2"
                >
                  Password
                </label>
                <input
                  className="w-full h-[48px]  p-4 font-semibold placeholder-gray-500 border rounded-lg outline-none lg:px-8 focus:ring-accent-blue focus:ring-1"
                  id="password2"
                  name="password2"
                  onBlur={[Function]}
                  onChange={[Function]}
                  placeholder="Retype Password"
                  type="password"
                />
              </div>
              <div
                className="flex items-center mb-4"
              >
                <input
                  className="w-3  ml-2 h-3 text-[#FF7338] bg-gray-100 rounded border-gray-300 focus:ring-[#FF7338] dark:focus:ring-[#FF7338] dark:ring-offset-[#FF7338] focus:ring-2 dark:bg-[#FF7338] dark:border-[#FF7338]"
                  id="checkbox-3"
                  roboto-describedby="checkbox-3"
                  type="checkbox"
                />
                <p
                  className="text-sm ml-3"
                >
                  I accept
                  <a
                    className="text-black font-bold hover:underline text-sm font-small"
                    href="/Login"
                    onClick={[Function]}
                  >
                        
                    Terms & Conditions
                  </a>
                </p>
              </div>
              <button
                className="bg-[#ff4848] text-md hover:bg-[#FF7338] w-80 h-12 text-white font-bold justify-center border border-blue rounded-2xl focus:outline-none focus:border-[#FF7338]"
                type="submit"
                value="Login"
              >
                Sign Up
              </button>
              <div
                className="mt-4 text-center"
              >
                <p
                  className="text-sm"
                >
                  Already have an account?
                  <a
                    className="text-black hover:underline font-bold"
                    href="/Login"
                    onClick={[Function]}
                  >
                        
                    Log In!
                  </a>
                </p>
              </div>
            </form>
          </div>
        </div>
      </figure>
    </div>
    <div
      className="bg-[#ff7338] text-green-500 hidden md:block text-lg font-bold text-center p-10 rounded-lg"
    >
      <img
        alt="Light"
        className="max-w-sm"
        src="Light.png"
      />
    </div>
  </div>
</div>
`;
