// Jest Snapshot v1, https://goo.gl/fbAQLP

exports[`Login Component matches 1`] = `
<body
  className="font-roboto justify-center bg-[#FFFF]"
>
  <div
    className="container mx-auto "
  >
    <div
      className="flex justify-center px-6 my-12"
    >
      <div
        className="w-full xl:w-3/4 lg:w-11/12 h-full flex"
      >
        <figure
          className=" bg-white"
        >
          <div
            className="w-full max-w-md rounded-lg border-primaryBorder shadow-default py-10 px-1"
          >
            <blockquote
              className="text-2xl font-medium text-center"
            />
            <img
              alt="Logo"
              className="w-[109px] h-[95px] m-[-30px]"
              src="logoc.png"
            />
            <div
              className="text-primary m-6"
            >
              <div
                className="flex items-center mt-3 "
              >
                <h1
                  className="text-left text-6xl font-bold text-primary mx-[40px] mt-16 mb-0"
                >
                  Log In
                </h1>
              </div>
              <form
                action="#"
                className="flex flex-col p-5 mt-5 space-y-4 text-black bg-white rounded-lg lg:p-10 lg:space-y-6"
                onReset={[Function]}
                onSubmit={[Function]}
              >
                <div
                  className="relative"
                >
                  <label
                    aria-label="Email"
                    className="hidden"
                    htmlFor="email"
                  >
                    Email
                  </label>
                  <input
                    className="w-full h-[48px] p-4 font-semibold placeholder-gray-500 border rounded-lg outline-none lg:px-8 focus:ring-accent-blue focus:ring-1"
                    id="email"
                    name="email"
                    onBlur={[Function]}
                    onChange={[Function]}
                    placeholder="Email"
                    type="text"
                    value=""
                  />
                </div>
                <div
                  className="relative"
                >
                  <label
                    aria-label="Password"
                    className="hidden"
                    htmlFor="password"
                  >
                    Password
                  </label>
                  <input
                    className="w-full h-[48px]  p-4 font-semibold placeholder-gray-500 border rounded-lg outline-none lg:px-8 focus:ring-accent-blue focus:ring-1"
                    id="password"
                    name="password"
                    onBlur={[Function]}
                    onChange={[Function]}
                    placeholder="Password"
                    type="password"
                    value=""
                  />
                </div>
                <div
                  className="flex items-center mb-4"
                >
                  <input
                    className="w-3  ml-2 h-3 text-[#38ff9c] bg-gray-100 rounded border-gray-300 focus:ring-[#FF7338] dark:focus:ring-[#FF7338] dark:ring-offset-[#FF7338] focus:ring-2 dark:bg-[#FF7338] dark:border-[#FF7338]"
                    id="checkbox-3"
                    roboto-describedby="checkbox-3"
                    type="checkbox"
                  />
                  <label
                    className="text-sm font-small ml-3 text-gray-900 dark:text-gray-300"
                    htmlFor="checkbox-3"
                  >
                    Remember me!
                  </label>
                </div>
                <button
                  className="bg-[#ff4848] text-md hover:bg-[#FF7338] w-80 h-12 text-white font-bold justify-center border border-blue rounded-2xl focus:outline-none focus:border-[#FF7338]"
                  type="submit"
                  value="Login"
                >
                  Log In
                </button>
                <div
                  className="mt-4 text-center"
                >
                  <p
                    className="text-sm"
                  >
                    Do not have an account yet?
                    <a
                      className="text-black hover:underline font-bold"
                      href="/signup"
                      onClick={[Function]}
                    >
                        
                      Sign up!
                    </a>
                  </p>
                </div>
              </form>
            </div>
          </div>
        </figure>
        <div
          className="hidden sm:block w-full lg:w-25/25 lg:w-5/12 bg-[#ff7338]"
        />
        <img
          alt="Light"
          className="hidden sm:block w-[330px] h-[530px] mx-[-395px] my-[100px]"
          src="Light.png"
        />
      </div>
    </div>
  </div>
</body>
`;
